// Jest Snapshot v1, https://goo.gl/fbAQLP

exports[`ManageRegistrationPage should render initial layout 1`] = `
Array [
  <h3>
    <strong>
      Registration
    </strong>
  </h3>,
  <RegistrationForm
    errors={Object {}}
    onCancel={[Function]}
    onChange={[Function]}
    onSave={[Function]}
    saving={false}
    user={Object {}}
  />,
]
`;
